[0.007s][info][gc] Using Serial
[5.223s][info][gc] GC(0) Pause Young (Allocation Failure) 5M->2M(19M) 6.107ms
[5.551s][info][gc] GC(1) Pause Young (Allocation Failure) 7M->3M(19M) 5.603ms
[6.173s][info][gc] GC(2) Pause Young (Allocation Failure) 8M->3M(19M) 2.680ms
[7.792s][info][gc] GC(3) Pause Young (Allocation Failure) 8M->4M(19M) 6.471ms
[41.801s][info][gc] GC(4) Pause Young (Allocation Failure) 9M->4M(19M) 3.243ms
[41.852s][info][gc] GC(5) Pause Young (Allocation Failure) 9M->4M(19M) 5.045ms
[41.945s][info][gc] GC(6) Pause Young (Allocation Failure) 9M->4M(19M) 1.162ms
[41.960s][info][gc] GC(7) Pause Young (Allocation Failure) 9M->4M(19M) 1.073ms
[41.973s][info][gc] GC(8) Pause Young (Allocation Failure) 9M->4M(19M) 0.774ms
[41.982s][info][gc] GC(9) Pause Young (Allocation Failure) 9M->4M(19M) 0.731ms
[41.991s][info][gc] GC(10) Pause Young (Allocation Failure) 9M->4M(19M) 0.705ms
[42.000s][info][gc] GC(11) Pause Young (Allocation Failure) 9M->4M(19M) 0.697ms
[42.009s][info][gc] GC(12) Pause Young (Allocation Failure) 9M->4M(19M) 0.847ms
[42.014s][info][gc] GC(13) Pause Young (Allocation Failure) 9M->4M(19M) 0.818ms
[42.020s][info][gc] GC(14) Pause Young (Allocation Failure) 9M->4M(19M) 1.063ms
[42.025s][info][gc] GC(15) Pause Young (Allocation Failure) 9M->4M(19M) 0.753ms
[42.030s][info][gc] GC(16) Pause Young (Allocation Failure) 9M->4M(19M) 0.690ms
[60.814s][info][gc] GC(17) Pause Young (Allocation Failure) 9M->4M(19M) 1.146ms
[98.153s][info][gc] GC(18) Pause Young (Allocation Failure) 9M->4M(19M) 1.796ms
[98.164s][info][gc] GC(19) Pause Young (Allocation Failure) 9M->4M(19M) 1.098ms
[98.171s][info][gc] GC(20) Pause Young (Allocation Failure) 9M->4M(19M) 0.707ms
[98.176s][info][gc] GC(21) Pause Young (Allocation Failure) 9M->4M(19M) 0.596ms
[98.181s][info][gc] GC(22) Pause Young (Allocation Failure) 9M->4M(19M) 0.538ms
[98.186s][info][gc] GC(23) Pause Young (Allocation Failure) 9M->4M(19M) 0.488ms
[98.192s][info][gc] GC(24) Pause Young (Allocation Failure) 9M->4M(19M) 0.509ms
[98.197s][info][gc] GC(25) Pause Young (Allocation Failure) 9M->4M(19M) 0.641ms
[98.203s][info][gc] GC(26) Pause Young (Allocation Failure) 9M->4M(19M) 0.630ms
[98.208s][info][gc] GC(27) Pause Young (Allocation Failure) 9M->4M(19M) 0.598ms
[98.214s][info][gc] GC(28) Pause Young (Allocation Failure) 9M->4M(19M) 0.699ms
[98.218s][info][gc] GC(29) Pause Young (Allocation Failure) 9M->4M(19M) 0.690ms
[98.223s][info][gc] GC(30) Pause Young (Allocation Failure) 9M->4M(19M) 0.473ms
[122.875s][info][gc] GC(31) Pause Young (Allocation Failure) 9M->4M(19M) 0.668ms
[152.162s][info][gc] GC(32) Pause Young (Allocation Failure) 9M->4M(19M) 1.034ms
[152.172s][info][gc] GC(33) Pause Young (Allocation Failure) 9M->4M(19M) 0.839ms
[152.182s][info][gc] GC(34) Pause Young (Allocation Failure) 9M->4M(19M) 2.213ms
[152.191s][info][gc] GC(35) Pause Young (Allocation Failure) 9M->4M(19M) 0.527ms
[152.197s][info][gc] GC(36) Pause Young (Allocation Failure) 9M->4M(19M) 0.519ms
[152.201s][info][gc] GC(37) Pause Young (Allocation Failure) 9M->4M(19M) 0.517ms
[152.209s][info][gc] GC(38) Pause Young (Allocation Failure) 9M->4M(19M) 0.455ms
[152.214s][info][gc] GC(39) Pause Young (Allocation Failure) 9M->4M(19M) 0.396ms
[152.219s][info][gc] GC(40) Pause Young (Allocation Failure) 9M->4M(19M) 0.498ms
[152.224s][info][gc] GC(41) Pause Young (Allocation Failure) 9M->4M(19M) 0.572ms
[152.229s][info][gc] GC(42) Pause Young (Allocation Failure) 9M->4M(19M) 0.538ms
[152.233s][info][gc] GC(43) Pause Young (Allocation Failure) 9M->4M(19M) 0.540ms
[152.238s][info][gc] GC(44) Pause Young (Allocation Failure) 9M->4M(19M) 0.624ms
